IC_MDP1403-12K_18,IC_MDP1403-12K_18
XBUF1$XXinv1$NTI_Out,XBUF1$XXinv1$NTI_Out
XDECODER$XXinti$STI_Out,XDECODER$XXinti$STI_Out
INV2_IN,INV2_IN
XCYCLE_UP$XXtnor0$NI,XCYCLE_UP$XXtnor0$NI
TAND_3A,TAND_3A
TAND_3B,TAND_3B
IC_MDP1403-12K_16,IC_MDP1403-12K_16
XCYCLE_UP$XXtnor0$NN,XCYCLE_UP$XXtnor0$NN
XBUF4$XXinv2$NTI_Out,XBUF4$XXinv2$NTI_Out
XCYCLE_UP$XXtnor0$NP,XCYCLE_UP$XXtnor0$NP
XTAND_3$XXsti_tand$PTI_Out,XTAND_3$XXsti_tand$PTI_Out
XBUF3$XXinv1$PTI_Out,XBUF3$XXinv1$PTI_Out
0,0
XDECODER$XXinti$PTI_Out,XDECODER$XXinti$PTI_Out
IC_MDP1403-12K_12,IC_MDP1403-12K_12
XCYCLE_UP$XXnti$STI_Out,XCYCLE_UP$XXnti$STI_Out
TAND_2A,TAND_2A
XBUF4$XXinv2$PTI_Out,XBUF4$XXinv2$PTI_Out
CU_OUT,CU_OUT
BUF1_OUT,BUF1_OUT
TAND_2Y,TAND_2Y
XDECODER$XX1pti$NTI_Out,XDECODER$XX1pti$NTI_Out
XCYCLE_UP$INI,XCYCLE_UP$INI
XBUF1$XXinv1$PTI_Out,XBUF1$XXinv1$PTI_Out
Vss,$G_Vss
TAND_3Y,TAND_3Y
XBUF2$XXinv1$PTI_Out,XBUF2$XXinv1$PTI_Out
XDECODER$IN_pti,XDECODER$IN_pti
XBUF2$XXinv2$NTI_Out,XBUF2$XXinv2$NTI_Out
BUF4_OUT,BUF4_OUT
XCYCLE_UP$XXsti$NTI_Out,XCYCLE_UP$XXsti$NTI_Out
TAND_1Y,TAND_1Y
TAND_1B,TAND_1B
IC_CD4007_22,IC_CD4007_22
TAND_1A,TAND_1A
XTAND_2$AtnandB,XTAND_2$AtnandB
IC_CD4007_20,IC_CD4007_20
XBUF3$XXinv2$PTI_Out,XBUF3$XXinv2$PTI_Out
BUF2_OUT,BUF2_OUT
XBUF1$_IN,XBUF1$_IN
IC_CD4007_25,IC_CD4007_25
XCYCLE_UP$XXpti$STI_Out,XCYCLE_UP$XXpti$STI_Out
XTAND_3$XXtnand$NI,XTAND_3$XXtnand$NI
XTAND_3$XXtnand$NN,XTAND_3$XXtnand$NN
XBUF3$XXinv1$NTI_Out,XBUF3$XXinv1$NTI_Out
XDECODER$XX1sti$NTI_Out,XDECODER$XX1sti$NTI_Out
XTAND_2$XXtnand$NP,XTAND_2$XXtnand$NP
XTAND_2$XXtnand$NN,XTAND_2$XXtnand$NN
INV4_IN,INV4_IN
XTAND_2$XXtnand$NI,XTAND_2$XXtnand$NI
XCYCLE_UP$XXsti$PTI_Out,XCYCLE_UP$XXsti$PTI_Out
XTAND_3$XXtnand$NP,XTAND_3$XXtnand$NP
IC_CD4007_15,IC_CD4007_15
IC_CD4007_14,IC_CD4007_14
STI2,STI2
STI3,STI3
IC_CD4007_11,IC_CD4007_11
IC_CD4007_10,IC_CD4007_10
XCYCLE_UP$_IN_PTI,XCYCLE_UP$_IN_PTI
IC_CD4007_9,IC_CD4007_9
IC_CD4007_3,IC_CD4007_3
IC_CD4007_1,IC_CD4007_1
IC_CD4007_7,IC_CD4007_7
IC_CD4007_6,IC_CD4007_6
IC_CD4007_4,IC_CD4007_4
CU_IN,CU_IN
NTI4,NTI4
IC_CD4007_19,IC_CD4007_19
BUF4_IN,BUF4_IN
XBUF1$XXinv2$NTI_Out,XBUF1$XXinv2$NTI_Out
DEC_IN,DEC_IN
XTAND_3$AtnandB,XTAND_3$AtnandB
XBUF4$XXinv1$NTI_Out,XBUF4$XXinv1$NTI_Out
XCYCLE_UP$XXnti$PTI_Out,XCYCLE_UP$XXnti$PTI_Out
IC_CD4007_17,IC_CD4007_17
IC_MDP1403-12K_24,IC_MDP1403-12K_24
PTI3,PTI3
PTI2,PTI2
PTI1,PTI1
XTAND_2$XXsti_tand$PTI_Out,XTAND_2$XXsti_tand$PTI_Out
STI4,STI4
PTI4,PTI4
IC_CD4007_13,IC_CD4007_13
NTI1,NTI1
NTI3,NTI3
NTI2,NTI2
IC_MDP1403-12K_2,IC_MDP1403-12K_2
BUF3_OUT,BUF3_OUT
IC_MDP1403-12K_5,IC_MDP1403-12K_5
IC_MDP1403-12K_8,IC_MDP1403-12K_8
STI1,STI1
IC_MDP1403-12K_21,IC_MDP1403-12K_21
XDECODER$XX0nor$NI,XDECODER$XX0nor$NI
BUF3_IN,BUF3_IN
XTAND_3$XXsti_tand$NTI_Out,XTAND_3$XXsti_tand$NTI_Out
XBUF4$XXinv1$PTI_Out,XBUF4$XXinv1$PTI_Out
Vdd,$G_Vdd
INV1_IN,INV1_IN
XDECODER$XX1sti$PTI_Out,XDECODER$XX1sti$PTI_Out
XDECODER$XX0nor$NP,XDECODER$XX0nor$NP
XBUF1$XXinv2$PTI_Out,XBUF1$XXinv2$PTI_Out
XTAND_2$XXsti_tand$NTI_Out,XTAND_2$XXsti_tand$NTI_Out
XBUF3$_IN,XBUF3$_IN
XBUF2$_IN,XBUF2$_IN
XDECODER$XX1pti$STI_Out,XDECODER$XX1pti$STI_Out
XTAND_1$XXsti_tand$PTI_Out,XTAND_1$XXsti_tand$PTI_Out
OUT_i,OUT_i
XTAND_1$AtnandB,XTAND_1$AtnandB
XCYCLE_UP$XXtnor1$NP,XCYCLE_UP$XXtnor1$NP
IC_CD4007_23,IC_CD4007_23
INV3_IN,INV3_IN
XDECODER$XX0nor$NN,XDECODER$XX0nor$NN
XCYCLE_UP$XXtnor1$NN,XCYCLE_UP$XXtnor1$NN
XBUF4$_IN,XBUF4$_IN
OUT_0,OUT_0
OUT_1,OUT_1
TAND_2B,TAND_2B
XBUF2$XXinv1$NTI_Out,XBUF2$XXinv1$NTI_Out
XCYCLE_UP$XXpti$NTI_Out,XCYCLE_UP$XXpti$NTI_Out
XCYCLE_UP$XXtnor1$NI,XCYCLE_UP$XXtnor1$NI
BUF2_IN,BUF2_IN
BUF1_IN,BUF1_IN
XBUF3$XXinv2$NTI_Out,XBUF3$XXinv2$NTI_Out
XCYCLE_UP$_IN,XCYCLE_UP$_IN
XTAND_1$XXtnand$NP,XTAND_1$XXtnand$NP
XTAND_1$XXsti_tand$NTI_Out,XTAND_1$XXsti_tand$NTI_Out
XTAND_1$XXtnand$NN,XTAND_1$XXtnand$NN
XTAND_1$XXtnand$NI,XTAND_1$XXtnand$NI
XBUF2$XXinv2$PTI_Out,XBUF2$XXinv2$PTI_Out
XCYCLE_UP$_IN_NTI,XCYCLE_UP$_IN_NTI
