XX2$XXcheckI3$XXdecoder$XX1sti$NTI_Out,XX2$XXcheckI3$XXdecoder$XX1sti$NTI_Out
XX2$XXcheckI3$XXdecoder$XX1sti$PTI_Out,XX2$XXcheckI3$XXdecoder$XX1sti$PTI_Out
IC_MDP1403-12K_10,IC_MDP1403-12K_10
XX2$XXcheckI2$XXdecoder$XX0nor$NI,XX2$XXcheckI2$XXdecoder$XX0nor$NI
XX2$XXcheckI3$XXdecoder$XXinti$STI_Out,XX2$XXcheckI3$XXdecoder$XXinti$STI_Out
IC_MDP1403-12K_14,IC_MDP1403-12K_14
XX2$XXcheckI2$XXdecoder$XX0nor$NN,XX2$XXcheckI2$XXdecoder$XX0nor$NN
XX2$XXcheckI3$XXdecoder$XX0nor$NP,XX2$XXcheckI3$XXdecoder$XX0nor$NP
SIGN4,SIGN4
XX2$XXcheckI3$CTRL_A,XX2$XXcheckI3$CTRL_A
XX2$XXcheckI3$CTRL_B,XX2$XXcheckI3$CTRL_B
XX2$XXcheckI2$XXdecoder$XX0nor$NP,XX2$XXcheckI2$XXdecoder$XX0nor$NP
XX2$XXcheckI1$CTRL_B,XX2$XXcheckI1$CTRL_B
XX2$XXcheckI1$CTRL_C,XX2$XXcheckI1$CTRL_C
XX2$XXcheckI1$CTRL_A,XX2$XXcheckI1$CTRL_A
IC_CD4016_1,IC_CD4016_1
XX2$XXcheckI2$CTRL_B,XX2$XXcheckI2$CTRL_B
XX2$XXcheckI2$CTRL_A,XX2$XXcheckI2$CTRL_A
XX2$XXcheckI1$XXdecoder$XX1pti$STI_Out,XX2$XXcheckI1$XXdecoder$XX1pti$STI_Out
XX2$XXcheckI3$XXdecoder$IN_pti,XX2$XXcheckI3$XXdecoder$IN_pti
IC_CD4016_7,IC_CD4016_7
XX2$XXcheckI2$XXdecoder$XX1sti$PTI_Out,XX2$XXcheckI2$XXdecoder$XX1sti$PTI_Out
0,0
I1,I1
I0,I0
I3,I3
I2,I2
IC_MDP1403-12K_3,IC_MDP1403-12K_3
XX2$XXcheckI2$XXdecoder$IN_pti,XX2$XXcheckI2$XXdecoder$IN_pti
V0,V0
V1,V1
V2,V2
V3,V3
IC_MDP1403-12K_6,IC_MDP1403-12K_6
XX2$XXcheckI1$XXdecoder$XX1sti$NTI_Out,XX2$XXcheckI1$XXdecoder$XX1sti$NTI_Out
XX2$XXcheckI2$XXdecoder$XX1pti$NTI_Out,XX2$XXcheckI2$XXdecoder$XX1pti$NTI_Out
XX2$XXcheckI3$XXdecoder$XXinti$PTI_Out,XX2$XXcheckI3$XXdecoder$XXinti$PTI_Out
XX2$XXcheckI1$XXdecoder$XXinti$PTI_Out,XX2$XXcheckI1$XXdecoder$XXinti$PTI_Out
IC_CD4007_15,IC_CD4007_15
XX2$XXcheckI2$XXdecoder$XXinti$STI_Out,XX2$XXcheckI2$XXdecoder$XXinti$STI_Out
XX2$N001,XX2$N001
XX2$N002,XX2$N002
IC_CD4016_11,IC_CD4016_11
XX2$XXcheckI2$XXdecoder$XXinti$PTI_Out,XX2$XXcheckI2$XXdecoder$XXinti$PTI_Out
XX2$XXcheckI3$XXdecoder$XX0nor$NI,XX2$XXcheckI3$XXdecoder$XX0nor$NI
XX2$XXcheckI1$XXdecoder$XX1sti$PTI_Out,XX2$XXcheckI1$XXdecoder$XX1sti$PTI_Out
XX2$XXcheckI2$XXdecoder$XX1pti$STI_Out,XX2$XXcheckI2$XXdecoder$XX1pti$STI_Out
XX2$XXcheckI2$CTRL_C,XX2$XXcheckI2$CTRL_C
IC_CD4007_8,IC_CD4007_8
Vdd,$G_Vdd
XX2$XXcheckI1$XXdecoder$XX1pti$NTI_Out,XX2$XXcheckI1$XXdecoder$XX1pti$NTI_Out
IC_CD4007_13,IC_CD4007_13
IC_CD4007_12,IC_CD4007_12
XX2$XXcheckI3$XXdecoder$XX0nor$NN,XX2$XXcheckI3$XXdecoder$XX0nor$NN
IC_CD4007_9,IC_CD4007_9
Vss,$G_Vss
XX2$XXcheckI3$XXdecoder$XX1pti$NTI_Out,XX2$XXcheckI3$XXdecoder$XX1pti$NTI_Out
XX2$XXcheckI1$XXdecoder$XX0nor$NN,XX2$XXcheckI1$XXdecoder$XX0nor$NN
IC_CD4007_2,IC_CD4007_2
XX2$XXcheckI3$XXdecoder$XX1pti$STI_Out,XX2$XXcheckI3$XXdecoder$XX1pti$STI_Out
IC_CD4007_5,IC_CD4007_5
IC_CD4007_4,IC_CD4007_4
XX2$XXcheckI1$XXdecoder$XX0nor$NP,XX2$XXcheckI1$XXdecoder$XX0nor$NP
XX2$XXcheckI3$CTRL_C,XX2$XXcheckI3$CTRL_C
XX2$XXcheckI1$XXdecoder$XX0nor$NI,XX2$XXcheckI1$XXdecoder$XX0nor$NI
XX2$XXcheckI2$XXdecoder$XX1sti$NTI_Out,XX2$XXcheckI2$XXdecoder$XX1sti$NTI_Out
XX2$XXcheckI1$XXdecoder$XXinti$STI_Out,XX2$XXcheckI1$XXdecoder$XXinti$STI_Out
XX2$XXcheckI1$XXdecoder$IN_pti,XX2$XXcheckI1$XXdecoder$IN_pti
